// Jest Snapshot v1, https://goo.gl/fbAQLP

exports[`ContentHeader should render loggedIn user header 1`] = `
<div
  class="jsx-4290801200 header"
  id="SmartFAQ_header"
>
  <div
    class="jsx-4290801200 HeaderFAQ"
  >
    <div
      class="jsx-2880528156 jsx-2367066345 loggedIn"
    >
      <div
        class="jsx-2880528156 jsx-2367066345 helpHeader"
      >
        smartfaq.header.title
      </div>
    </div>
  </div>
</div>
`;

exports[`ContentHeader should render loggedOut user header 1`] = `
<div
  class="jsx-4290801200 header"
  id="SmartFAQ_header"
>
  <div
    class="jsx-4290801200 HeaderFAQ"
  >
    <div
      class="jsx-477917638 close-icon"
      role="button"
      tabindex="-1"
    >
      <svg
        fill="currentColor"
        height="24px"
        preserveAspectRatio="xMidYMid meet"
        style="vertical-align:middle;color:#46515e"
        viewBox="0 0 24 24"
        width="24px"
      >
        <path
          d="M19 6.41L17.59 5 12 10.59 6.41 5 5 6.41 10.59 12 5 17.59 6.41 19 12 13.41 17.59 19 19 17.59 13.41 12z"
        />
      </svg>
    </div>
    <div
      class="jsx-2367066345 jsx-1604692328 loggedOut"
    >
      <div
        class="jsx-2367066345 jsx-1604692328 signInOrBack"
      >
        <div
          class="jsx-2367066345 jsx-1604692328 backButton"
        >
          <div
            class="jsx-1190988628 back"
            data-cy="back-button"
            role="button"
            tabindex="-1"
          >
            <div
              class="jsx-1190988628 chevron"
            >
              <svg
                fill="currentColor"
                height="16px"
                preserveAspectRatio="xMidYMid meet"
                style="vertical-align:middle;color:#8291a6"
                viewBox="0 0 24 24"
                width="16px"
              >
                <path
                  d="M15.41 7.41L14 6l-6 6 6 6 1.41-1.41L10.83 12z"
                />
              </svg>
            </div>
            <span
              class="Text__StyledText-inVtPV iqjyyW"
            >
              smartfaq.back_button.back
            </span>
          </div>
        </div>
      </div>
      <p
        class="jsx-2367066345 jsx-1604692328 helpHeader"
      >
        smartfaq.header.title
      </p>
    </div>
  </div>
</div>
`;
