// Jest Snapshot v1, https://goo.gl/fbAQLP

exports[`ScreenThankyou should match snapshot 1`] = `
<Box
  backgroundColor="#f5f7f9"
  border="none"
  borderRadius="4px"
>
  <div
    className="jsx-3762548811 thank-you"
  >
    <div
      className="jsx-3762548811 close-icon"
      onClick={[Function]}
      onKeyUp={null}
      role="button"
      tabIndex="-1"
    >
      <Close
        customColor="#bac7d5"
        size="small"
      />
    </div>
    <WithTheme(Heading)
      type="title3"
    >
      Thanks again.
    </WithTheme(Heading)>
    <div
      className="jsx-3762548811 message-2"
    >
      <WithTheme(Heading)
        type="title3"
      >
        We appreciate your insight.
      </WithTheme(Heading)>
    </div>
    <JSXStyle
      css="div.thank-you.jsx-3762548811{display:-webkit-box;display:-webkit-flex;display:-ms-flexbox;display:flex;-webkit-flex-direction:column;-ms-flex-direction:column;flex-direction:column;-webkit-box-pack:center;-webkit-justify-content:center;-ms-flex-pack:center;justify-content:center;-webkit-align-items:center;-webkit-box-align:center;-ms-flex-align:center;align-items:center;height:251px;}div.close-icon.jsx-3762548811{position:absolute;top:8px;right:8px;cursor:pointer;}div.message-2.jsx-3762548811{margin-bottom:16.6px;}"
      styleId="3762548811"
    />
  </div>
</Box>
`;
