// Jest Snapshot v1, https://goo.gl/fbAQLP

exports[`ScreenInput should match snapshot 1`] = `
<Box
  backgroundColor="#f5f7f9"
  border="none"
  borderRadius="4px"
  padding="40px 24px 24px 24px"
>
  <form
    className="jsx-982984599"
    onSubmit={[Function]}
  >
    <div
      className="jsx-982984599 close-icon"
      onClick={[Function]}
      onKeyUp={null}
      role="button"
      tabIndex="-1"
    >
      <Close
        customColor="#bac7d5"
        size="small"
      />
    </div>
    <Heading
      element="h1"
      size="small"
      weight="bold"
    >
      Your feedback helps us improve.
    </Heading>
    <div
      className="jsx-982984599 question"
    >
      <Text
        align="left"
        element="p"
        italic={false}
        size="normal"
        type="primary"
        uppercase={false}
        weight="regular"
      >
        What problem were you trying to solve?
      </Text>
    </div>
    <div
      className="jsx-982984599 inputArea"
    >
      <textarea
        className="jsx-982984599"
        data-gramm_editor="false"
      />
    </div>
    <div
      className="jsx-982984599 button"
    >
      <Button
        block={false}
        disabled={false}
        loading={false}
        onClick={[Function]}
        onlyIcon={false}
        size="normal"
        title="Submit"
        type="primary"
        variation="filled"
        width={100}
      />
    </div>
  </form>
  <JSXStyle
    css="div.question.jsx-982984599{margin-bottom:4px;margin-top:8px;}div.inputArea.jsx-982984599 textarea.jsx-982984599{width:100%;height:72px;border-radius:3px;background-color:#ffffff;border:solid 1px #bac7d5;}div.button.jsx-982984599{display:-webkit-box;display:-webkit-flex;display:-ms-flexbox;display:flex;-webkit-box-pack:end;-webkit-justify-content:flex-end;-ms-flex-pack:end;justify-content:flex-end;margin-top:19px;}div.close-icon.jsx-982984599{position:absolute;top:8px;right:8px;cursor:pointer;}div.inputArea.jsx-982984599 textarea.jsx-982984599{padding:12px 16px;font-size:14px;}@media only screen and (min-width:320px) and (max-width:480px){div.inputArea.jsx-982984599 textarea.jsx-982984599{width:100%;}}"
    styleId="982984599"
  />
</Box>
`;
