// Jest Snapshot v1, https://goo.gl/fbAQLP

exports[`ScreenAdditionalFeedback should match snapshot 1`] = `
<Box
  backgroundColor="#f5f7f9"
  border="none"
  borderRadius="4px"
  padding="40px 24px 24px 24px"
>
  <form
    className="jsx-2730678398"
    onSubmit={[Function]}
  >
    <div
      className="jsx-2730678398 close-icon"
      onClick={[Function]}
      onKeyUp={null}
      role="button"
      tabIndex="-1"
    >
      <Close
        customColor="#bac7d5"
        size="small"
      />
    </div>
    <WithTheme(Heading)
      type="title3"
    >
      Please tell us more about your issue with the article (optional)
    </WithTheme(Heading)>
    <div
      className="jsx-2730678398 question"
    >
      <WithTheme(Text)>
        Comment
      </WithTheme(Text)>
    </div>
    <div
      className="jsx-2730678398 inputArea"
    >
      <textarea
        className="jsx-2730678398"
        data-gramm_editor="false"
        onChange={[Function]}
        placeholder="How could this be better?"
        value=""
      />
    </div>
    <div
      className="jsx-2730678398 button"
    >
      <WithTheme(Button)
        onClick={[Function]}
      >
        Submit
      </WithTheme(Button)>
    </div>
  </form>
  <JSXStyle
    css="div.question.jsx-2730678398{margin-top:16px;margin-bottom:4px;}div.inputArea.invalid.jsx-2730678398 textarea.jsx-2730678398{border-color:#d21c1c;}div.inputArea.jsx-2730678398 p.jsx-2730678398{font-family:'Roboto';font-size:12px;font-weight:400;color:#d21c1c;}div.inputArea.jsx-2730678398 textarea.jsx-2730678398{width:100%;height:72px;border-radius:3px;background-color:#ffffff;border:solid 1px #bac7d5;resize:none;}div.inputArea.jsx-2730678398 textarea.jsx-2730678398::-webkit-input-placeholder{color:#bac7d5;}div.inputArea.jsx-2730678398 textarea.jsx-2730678398::-moz-placeholder{color:#bac7d5;}div.inputArea.jsx-2730678398 textarea.jsx-2730678398:-ms-input-placeholder{color:#bac7d5;}div.inputArea.jsx-2730678398 textarea.jsx-2730678398::placeholder{color:#bac7d5;}div.button.jsx-2730678398{margin-top:19px;}div.close-icon.jsx-2730678398{position:absolute;top:8px;right:8px;cursor:pointer;}div.inputArea.jsx-2730678398 textarea.jsx-2730678398{padding:12px 16px;font-size:14px;}@media only screen and (max-width:901px){div.inputArea.jsx-2730678398 textarea.jsx-2730678398{width:100%;}}"
    styleId="2730678398"
  />
</Box>
`;
