// Jest Snapshot v1, https://goo.gl/fbAQLP

exports[`SignIn should match snapshot 1`] = `
<Route
  render={[Function]}
/>
`;

exports[`SignIn should match snapshot with expired message 1`] = `
<Route
  render={[Function]}
/>
`;
