// Jest Snapshot v1, https://goo.gl/fbAQLP

exports[`KiwiLogin should change state 1`] = `
Object {
  "email": "email@kiwi.com",
  "isLoading": false,
  "password": "myRealPassword",
  "showError": false,
}
`;

exports[`KiwiLogin should match snapshot 1`] = `
<div
  className="jsx-30246891 KiwiLogin"
>
  <CloseButton />
  <withRouter(BackButton)
    prevScreen="/sign-in"
  />
  <div
    className="jsx-30246891 picture"
  >
    <Illustration
      name="Help"
      size="medium"
    />
  </div>
  <div
    className="jsx-30246891 main"
  >
    <p
      className="jsx-30246891 title"
    >
      <Text
        html={false}
        t="smartfaq.kiwi_login.title"
        values={Object {}}
      />
    </p>
    <MediaQuery
      query="(min-width: 480px) and (min-height: 480px)"
      values={Object {}}
    >
      <Text
        type="secondary"
      >
        <Text
          html={false}
          t="smartfaq.kiwi_login.subtitle"
          values={Object {}}
        />
      </Text>
    </MediaQuery>
    <MediaQuery
      query="only screen and (max-width: 480px) and (orientation: portrait)"
      values={Object {}}
    >
      <Text
        type="secondary"
      >
        <Text
          html={false}
          t="smartfaq.kiwi_login.subtitle"
          values={Object {}}
        />
      </Text>
    </MediaQuery>
    <form
      className="jsx-30246891"
      onSubmit={[Function]}
    >
      <label
        className="jsx-30246891"
        htmlFor="email"
      >
        <Text
          html={false}
          t="smartfaq.kiwi_login.email_label"
          values={Object {}}
        />
        <div
          className="jsx-30246891 input"
        >
          <InputText
            dataCy="input-email"
            name="email"
            onChange={[Function]}
            placeholder="e.g. your@email.com"
            type="email"
            value="email@kiwi.com"
          />
        </div>
      </label>
      <label
        className="jsx-30246891"
        htmlFor="password"
      >
        <Text
          html={false}
          t="smartfaq.kiwi_login.password_label"
          values={Object {}}
        />
        <div
          className="jsx-30246891 input"
        >
          <InputText
            dataCy="input-password"
            name="password"
            onChange={[Function]}
            type="password"
            value="myRealPassword"
          />
        </div>
      </label>
      <div
        className="jsx-30246891 forgotPassword"
        data-cy="link-forgotten-password"
      >
        <TextLink
          external={false}
          onClick={[Function]}
          type="primary"
        >
          <Text
            html={false}
            t="smartfaq.kiwi_login.link_to_forgotten_password"
            values={Object {}}
          />
        </TextLink>
      </div>
      <span
        className="jsx-30246891 signIn"
        data-cy="btn-sign-in"
      >
        <Button
          block={true}
          onClick={[Function]}
        >
          <Text
            html={false}
            t="smartfaq.kiwi_login.sign_in_button"
            values={Object {}}
          />
        </Button>
      </span>
    </form>
  </div>
  <JSXStyle
    css=".KiwiLogin.jsx-30246891{width:480px;padding-top:128px;padding-left:40px;padding-right:40px;height:100%;overflow-y:auto;overflow-x:hidden;margin:auto;}p.title.jsx-30246891{color:#171b1e;font-size:28px;font-weight:bold;margin-bottom:8px;line-height:1.2;}.forgotPassword.jsx-30246891{margin-top:12px;display:inline-block;font-size:14px;color:#00a991;}.signIn.jsx-30246891{float:right;margin-bottom:20px;}form.jsx-30246891{margin-top:33px;}div.input.jsx-30246891{width:400px;height:44px;margin-bottom:34px;margin-top:4px;}label.jsx-30246891{width:352px;height:20px;font-size:14px;line-height:1.43;text-align:left;color:#46515e;display:inline-table;}div.errorMessage.jsx-30246891{margin-bottom:15px;}@media only screen and (max-width:480px){.KiwiLogin.jsx-30246891{width:100%;padding-top:64px;padding-left:0px;padding-right:0px;}p.title.jsx-30246891{font-size:22px;text-align:left;margin-top:0;}div.picture.jsx-30246891{display:none;}div.input.jsx-30246891{width:100%;margin-bottom:26px;}div.main.jsx-30246891{margin-left:16px;margin-right:16px;}div.forgotPassword.jsx-30246891{text-align:center;display:block;margin-bottom:20px;margin-top:0px;}.signIn.jsx-30246891{float:none;display:block;margin:0;}label.jsx-30246891{width:100%;}}@media only screen and (max-height:480px){.KiwiLogin.jsx-30246891{width:100%;padding-top:20px;}p.title.jsx-30246891{font-size:22px;text-align:center;margin-top:0;}div.picture.jsx-30246891{display:none;}div.main.jsx-30246891{width:288px;margin-left:auto;margin-right:auto;}div.input.jsx-30246891{width:288px;margin-bottom:26px;}div.forgotPassword.jsx-30246891{display:block;text-align:center;margin-bottom:20px;margin-top:0;}.signIn.jsx-30246891{float:none;display:block;margin:0;}}"
    styleId="30246891"
  />
</div>
`;
