// Jest Snapshot v1, https://goo.gl/fbAQLP

exports[`DateAndPassenger should render correctly 1`] = `
<div
  className="fields"
>
  <div
    className="section"
  >
    <div
      className="label"
    >
      <Text
        size="small"
        type="secondary"
      >
        <Text
          html={false}
          t="smartfaq.all_bookings.booking_card.departure_date"
          values={Object {}}
        />
      </Text>
    </div>
    <Text>
      23/11/2017
    </Text>
  </div>
  <div
    className="section"
  >
    <div
      className="label"
    >
      <Text
        size="small"
        type="secondary"
      >
        <Text
          html={false}
          t="smartfaq.all_bookings.booking_card.booking_date"
          values={Object {}}
        />
      </Text>
    </div>
    <Text>
      14/5/2018
    </Text>
  </div>
  <div
    className="section"
  >
    <div
      className="label"
    >
      <Text
        size="small"
        type="secondary"
      >
        <Text
          html={false}
          t="smartfaq.all_bookings.booking_card.includes"
          values={Object {}}
        />
      </Text>
    </div>
    <Text>
      <Passengers
        customColor="#bac7d5"
        size="small"
      />
      1
    </Text>
  </div>
  <div
    className="section"
  >
    <div
      className="label"
    >
      <Text
        size="small"
        type="secondary"
      >
        <Text
          html={false}
          t="smartfaq.all_bookings.booking_card.status"
          values={Object {}}
        />
      </Text>
    </div>
    <div
      style={
        Object {
          "color": "#ffc345",
          "fontSize": "14px",
        }
      }
    >
      Closed
    </div>
  </div>
</div>
`;
